../Core/Src/main.c:126:6:microDelay	16	static
../Core/Src/main.c:132:9:DHT11_Start	40	static
../Core/Src/main.c:165:9:DHT11_Read	16	static
../Core/Src/main.c:189:6:UART_SendAll	16	static
../Core/Src/main.c:196:6:UART_SendBT	16	static
../Core/Src/main.c:202:6:UART_SendUSB	16	static
../Core/Src/main.c:208:9:Read_WaterSensor	8	static
../Core/Src/main.c:229:6:debug_us	48	static
../Core/Src/main.c:266:5:main	8	static
../Core/Src/main.c:370:6:SystemClock_Config	88	static
../Core/Src/main.c:417:13:MX_ADC1_Init	24	static
../Core/Src/main.c:484:13:MX_TIM1_Init	40	static
../Core/Src/main.c:531:13:MX_USART1_UART_Init	8	static
../Core/Src/main.c:579:13:MX_USART2_UART_Init	8	static
../Core/Src/main.c:627:13:MX_GPIO_Init	56	static
../Core/Src/main.c:711:10:Read_ADC_Channel	40	static
../Core/Src/main.c:764:6:StartSenzoriTask	64	static
../Core/Src/main.c:908:6:StartComTask	192	static
../Core/Src/main.c:1059:6:Error_Handler	8	static,ignoring_inline_asm
